// Jest Snapshot v1, https://goo.gl/fbAQLP

exports[`matches the current stored snapshot 1`] = `
<DocumentFragment>
  <div
    style="width: 7rem; height: 7rem; background-color: green;"
  >
    <button>
      X
    </button>
  </div>
</DocumentFragment>
`;
